2026-06-25T22:01:39.088+05:30  INFO 13052 --- [p1] [main] com.example.demo.DemoApplication         : Starting DemoApplication using Java 21.0.9 with PID 13052 (C:\Users\amles\Desktop\New folder\p1\backend\demos\demo\target\classes started by amles in C:\Users\amles\Desktop\New folder\p1\backend)
2026-06-25T22:01:39.095+05:30  INFO 13052 --- [p1] [main] com.example.demo.DemoApplication         : No active profile set, falling back to 1 default profile: "default"
2026-06-25T22:01:40.350+05:30  INFO 13052 --- [p1] [main] .s.d.r.c.RepositoryConfigurationDelegate : Bootstrapping Spring Data JPA repositories in DEFAULT mode.
2026-06-25T22:01:40.467+05:30  INFO 13052 --- [p1] [main] .s.d.r.c.RepositoryConfigurationDelegate : Finished Spring Data repository scanning in 99 ms. Found 2 JPA repository interfaces.
2026-06-25T22:01:41.562+05:30  INFO 13052 --- [p1] [main] o.s.b.w.embedded.tomcat.TomcatWebServer  : Tomcat initialized with port 8080 (http)
2026-06-25T22:01:41.575+05:30  INFO 13052 --- [p1] [main] o.apache.catalina.core.StandardService   : Starting service [Tomcat]
2026-06-25T22:01:41.575+05:30  INFO 13052 --- [p1] [main] o.apache.catalina.core.StandardEngine    : Starting Servlet engine: [Apache Tomcat/10.1.20]
2026-06-25T22:01:41.700+05:30  INFO 13052 --- [p1] [main] o.a.c.c.C.[Tomcat].[localhost].[/]       : Initializing Spring embedded WebApplicationContext
2026-06-25T22:01:41.700+05:30  INFO 13052 --- [p1] [main] w.s.c.ServletWebServerApplicationContext : Root WebApplicationContext: initialization completed in 2508 ms
2026-06-25T22:01:41.958+05:30  INFO 13052 --- [p1] [main] o.hibernate.jpa.internal.util.LogHelper  : HHH000204: Processing PersistenceUnitInfo [name: default]
2026-06-25T22:01:42.088+05:30  INFO 13052 --- [p1] [main] org.hibernate.Version                    : HHH000412: Hibernate ORM core version 6.4.4.Final
2026-06-25T22:01:42.132+05:30  INFO 13052 --- [p1] [main] o.h.c.internal.RegionFactoryInitiator    : HHH000026: Second-level cache disabled
2026-06-25T22:01:42.462+05:30  INFO 13052 --- [p1] [main] o.s.o.j.p.SpringPersistenceUnitInfo      : No LoadTimeWeaver setup: ignoring JPA class transformer
2026-06-25T22:01:42.516+05:30  INFO 13052 --- [p1] [main] com.zaxxer.hikari.HikariDataSource       : HikariPool-1 - Starting...
2026-06-25T22:01:42.807+05:30  INFO 13052 --- [p1] [main] com.zaxxer.hikari.pool.HikariPool        : HikariPool-1 - Added connection com.mysql.cj.jdbc.ConnectionImpl@605c7a9e
2026-06-25T22:01:42.807+05:30  INFO 13052 --- [p1] [main] com.zaxxer.hikari.HikariDataSource       : HikariPool-1 - Start completed.
2026-06-25T22:01:42.889+05:30  WARN 13052 --- [p1] [main] org.hibernate.orm.deprecation            : HHH90000025: MySQLDialect does not need to be specified explicitly using 'hibernate.dialect' (remove the property setting and it will be selected by default)
2026-06-25T22:01:44.328+05:30  INFO 13052 --- [p1] [main] o.h.e.t.j.p.i.JtaPlatformInitiator       : HHH000489: No JTA platform available (set 'hibernate.transaction.jta.platform' to enable JTA platform integration)
2026-06-25T22:01:44.403+05:30  INFO 13052 --- [p1] [main] j.LocalContainerEntityManagerFactoryBean : Initialized JPA EntityManagerFactory for persistence unit 'default'
2026-06-25T22:01:45.291+05:30  WARN 13052 --- [p1] [main] JpaBaseConfiguration$JpaWebConfiguration : spring.jpa.open-in-view is enabled by default. Therefore, database queries may be performed during view rendering. Explicitly configure spring.jpa.open-in-view to disable this warning
2026-06-25T22:01:45.784+05:30  INFO 13052 --- [p1] [main] o.s.s.web.DefaultSecurityFilterChain     : Will secure any request with [org.springframework.security.web.session.DisableEncodeUrlFilter@3a5c6009, org.springframework.security.web.context.request.async.WebAsyncManagerIntegrationFilter@2c4e63b3, org.springframework.security.web.context.SecurityContextHolderFilter@7adde776, org.springframework.security.web.header.HeaderWriterFilter@5a5024eb, org.springframework.web.filter.CorsFilter@2703785e, org.springframework.security.web.authentication.logout.LogoutFilter@60e5b3a8, com.example.demo.Security.JwtFilter@abe7d36, org.springframework.security.web.savedrequest.RequestCacheAwareFilter@4ae435a3, org.springframework.security.web.servletapi.SecurityContextHolderAwareRequestFilter@7f69c4c0, org.springframework.security.web.authentication.AnonymousAuthenticationFilter@3a7f382, org.springframework.security.web.session.SessionManagementFilter@6a827b0c, org.springframework.security.web.access.ExceptionTranslationFilter@4d0e6424, org.springframework.security.web.access.intercept.AuthorizationFilter@a4388f1]
2026-06-25T22:01:46.146+05:30  WARN 13052 --- [p1] [main] ConfigServletWebServerApplicationContext : Exception encountered during context initialization - cancelling refresh attempt: org.springframework.context.ApplicationContextException: Failed to start bean 'webServerStartStop'
2026-06-25T22:01:46.162+05:30  INFO 13052 --- [p1] [main] j.LocalContainerEntityManagerFactoryBean : Closing JPA EntityManagerFactory for persistence unit 'default'
2026-06-25T22:01:46.162+05:30  INFO 13052 --- [p1] [main] com.zaxxer.hikari.HikariDataSource       : HikariPool-1 - Shutdown initiated...
2026-06-25T22:01:46.162+05:30  INFO 13052 --- [p1] [main] com.zaxxer.hikari.HikariDataSource       : HikariPool-1 - Shutdown completed.
2026-06-25T22:01:46.185+05:30  INFO 13052 --- [p1] [main] .s.b.a.l.ConditionEvaluationReportLogger : 

Error starting ApplicationContext. To display the condition evaluation report re-run your application with 'debug' enabled.
2026-06-25T22:01:46.209+05:30 ERROR 13052 --- [p1] [main] o.s.b.d.LoggingFailureAnalysisReporter   : 

***************************
APPLICATION FAILED TO START
***************************

Description:

Web server failed to start. Port 8080 was already in use.

Action:

Identify and stop the process that's listening on port 8080 or configure this application to listen on another port.

2026-06-25T22:02:08.364+05:30  INFO 25460 --- [p1] [main] com.example.demo.DemoApplication         : Starting DemoApplication using Java 21.0.9 with PID 25460 (C:\Users\amles\Desktop\New folder\p1\backend\demos\demo\target\classes started by amles in C:\Users\amles\Desktop\New folder\p1\backend)
2026-06-25T22:02:08.369+05:30  INFO 25460 --- [p1] [main] com.example.demo.DemoApplication         : No active profile set, falling back to 1 default profile: "default"
2026-06-25T22:02:09.879+05:30  INFO 25460 --- [p1] [main] .s.d.r.c.RepositoryConfigurationDelegate : Bootstrapping Spring Data JPA repositories in DEFAULT mode.
2026-06-25T22:02:09.990+05:30  INFO 25460 --- [p1] [main] .s.d.r.c.RepositoryConfigurationDelegate : Finished Spring Data repository scanning in 96 ms. Found 2 JPA repository interfaces.
2026-06-25T22:02:10.938+05:30  INFO 25460 --- [p1] [main] o.s.b.w.embedded.tomcat.TomcatWebServer  : Tomcat initialized with port 8080 (http)
2026-06-25T22:02:10.957+05:30  INFO 25460 --- [p1] [main] o.apache.catalina.core.StandardService   : Starting service [Tomcat]
2026-06-25T22:02:10.957+05:30  INFO 25460 --- [p1] [main] o.apache.catalina.core.StandardEngine    : Starting Servlet engine: [Apache Tomcat/10.1.20]
2026-06-25T22:02:11.090+05:30  INFO 25460 --- [p1] [main] o.a.c.c.C.[Tomcat].[localhost].[/]       : Initializing Spring embedded WebApplicationContext
2026-06-25T22:02:11.092+05:30  INFO 25460 --- [p1] [main] w.s.c.ServletWebServerApplicationContext : Root WebApplicationContext: initialization completed in 2602 ms
2026-06-25T22:02:11.412+05:30  INFO 25460 --- [p1] [main] o.hibernate.jpa.internal.util.LogHelper  : HHH000204: Processing PersistenceUnitInfo [name: default]
2026-06-25T22:02:11.518+05:30  INFO 25460 --- [p1] [main] org.hibernate.Version                    : HHH000412: Hibernate ORM core version 6.4.4.Final
2026-06-25T22:02:11.567+05:30  INFO 25460 --- [p1] [main] o.h.c.internal.RegionFactoryInitiator    : HHH000026: Second-level cache disabled
2026-06-25T22:02:11.915+05:30  INFO 25460 --- [p1] [main] o.s.o.j.p.SpringPersistenceUnitInfo      : No LoadTimeWeaver setup: ignoring JPA class transformer
2026-06-25T22:02:11.955+05:30  INFO 25460 --- [p1] [main] com.zaxxer.hikari.HikariDataSource       : HikariPool-1 - Starting...
2026-06-25T22:02:12.184+05:30  INFO 25460 --- [p1] [main] com.zaxxer.hikari.pool.HikariPool        : HikariPool-1 - Added connection com.mysql.cj.jdbc.ConnectionImpl@65e4cb84
2026-06-25T22:02:12.184+05:30  INFO 25460 --- [p1] [main] com.zaxxer.hikari.HikariDataSource       : HikariPool-1 - Start completed.
2026-06-25T22:02:12.294+05:30  WARN 25460 --- [p1] [main] org.hibernate.orm.deprecation            : HHH90000025: MySQLDialect does not need to be specified explicitly using 'hibernate.dialect' (remove the property setting and it will be selected by default)
2026-06-25T22:02:13.750+05:30  INFO 25460 --- [p1] [main] o.h.e.t.j.p.i.JtaPlatformInitiator       : HHH000489: No JTA platform available (set 'hibernate.transaction.jta.platform' to enable JTA platform integration)
2026-06-25T22:02:13.912+05:30  INFO 25460 --- [p1] [main] j.LocalContainerEntityManagerFactoryBean : Initialized JPA EntityManagerFactory for persistence unit 'default'
2026-06-25T22:02:14.766+05:30  WARN 25460 --- [p1] [main] JpaBaseConfiguration$JpaWebConfiguration : spring.jpa.open-in-view is enabled by default. Therefore, database queries may be performed during view rendering. Explicitly configure spring.jpa.open-in-view to disable this warning
2026-06-25T22:02:15.321+05:30  INFO 25460 --- [p1] [main] o.s.s.web.DefaultSecurityFilterChain     : Will secure any request with [org.springframework.security.web.session.DisableEncodeUrlFilter@e8fb390, org.springframework.security.web.context.request.async.WebAsyncManagerIntegrationFilter@4131f6db, org.springframework.security.web.context.SecurityContextHolderFilter@4d0e6424, org.springframework.security.web.header.HeaderWriterFilter@5f3fafca, org.springframework.web.filter.CorsFilter@5cdf61d, org.springframework.security.web.authentication.logout.LogoutFilter@7164e54, com.example.demo.Security.JwtFilter@205b73d8, org.springframework.security.web.savedrequest.RequestCacheAwareFilter@5a5024eb, org.springframework.security.web.servletapi.SecurityContextHolderAwareRequestFilter@476dc0af, org.springframework.security.web.authentication.AnonymousAuthenticationFilter@4509414e, org.springframework.security.web.session.SessionManagementFilter@562ec518, org.springframework.security.web.access.ExceptionTranslationFilter@737ae41a, org.springframework.security.web.access.intercept.AuthorizationFilter@299cddbf]
2026-06-25T22:02:15.740+05:30  INFO 25460 --- [p1] [main] o.s.b.w.embedded.tomcat.TomcatWebServer  : Tomcat started on port 8080 (http) with context path ''
2026-06-25T22:02:15.756+05:30  INFO 25460 --- [p1] [main] com.example.demo.DemoApplication         : Started DemoApplication in 8.27 seconds (process running for 8.972)
2026-06-25T22:02:25.162+05:30  INFO 25460 --- [p1] [http-nio-8080-exec-1] o.a.c.c.C.[Tomcat].[localhost].[/]       : Initializing Spring DispatcherServlet 'dispatcherServlet'
2026-06-25T22:02:25.162+05:30  INFO 25460 --- [p1] [http-nio-8080-exec-1] o.s.web.servlet.DispatcherServlet        : Initializing Servlet 'dispatcherServlet'
2026-06-25T22:02:25.162+05:30  INFO 25460 --- [p1] [http-nio-8080-exec-1] o.s.web.servlet.DispatcherServlet        : Completed initialization in 0 ms
2026-06-25T22:02:25.603+05:30  INFO 25460 --- [p1] [http-nio-8080-exec-1] c.e.demo.Controller.AuthController       : Register request received for email: hxfacddccvrddccsh@gmail.com
2026-06-25T22:02:26.686+05:30  INFO 25460 --- [p1] [http-nio-8080-exec-1] c.e.demo.Controller.AuthController       : Generated OTP: 530945
2026-06-25T22:02:26.686+05:30  INFO 25460 --- [p1] [http-nio-8080-exec-1] c.e.demo.Controller.AuthController       : Saving user: hxfacddccvrddccsh@gmail.com
2026-06-25T22:02:26.894+05:30  INFO 25460 --- [p1] [http-nio-8080-exec-1] c.e.demo.Controller.AuthController       : Preparing OTP email for hxfacddccvrddccsh@gmail.com
2026-06-25T22:02:35.550+05:30  INFO 25460 --- [p1] [http-nio-8080-exec-1] c.e.demo.Controller.AuthController       : OTP email sent successfully to hxfacddccvrddccsh@gmail.com
2026-06-25T22:02:35.559+05:30  INFO 25460 --- [p1] [http-nio-8080-exec-1] c.e.demo.Controller.AuthController       : OTP email sent successfully to hxfacddccvrddccsh@gmail.com
2026-06-25T22:02:35.562+05:30  INFO 25460 --- [p1] [http-nio-8080-exec-1] c.e.demo.Controller.AuthController       : User registered successfully: hxfacddccvrddccsh@gmail.com
